// Vitest Snapshot v1, https://vitest.dev/guide/snapshot.html

exports[`Layout > matches the admin layout snapshot 1`] = `
<div>
  <div
    class="admin-shell min-h-screen bg-mist text-ink flex flex-col"
  >
    <div
      data-testid="admin-header"
    >
      AdminHeader
    </div>
    <main
      class="py-5 xl:py-10 px-5 flex flex-grow flex-col"
    />
    <footer
      class="admin-footer"
    >
      <div
        class="admin-footer-inner"
      >
        <div
          class="admin-footer-intro"
        >
          <p
            class="admin-footer-eyebrow"
          >
            THE BUILDER / ADMIN
          </p>
          <p
            class="admin-footer-brand"
          >
            THE BUILDER
            <span>
              .
            </span>
          </p>
          <p
            class="admin-footer-description"
          >
            Konsultasi strategis berbasis di Indonesia. Bekerja selektif dengan organisasi untuk merancang struktur tangguh, kontinuitas kepemimpinan, dan mitigasi risiko manusia.
          </p>
        </div>
        <div
          class="admin-footer-actions"
        >
          <nav
            aria-label="Language"
            class="admin-footer-language"
          >
            <button
              aria-pressed="true"
              class="is-active"
              type="button"
            >
              ID
            </button>
            <button
              aria-pressed="false"
              class=""
              type="button"
            >
              EN
            </button>
          </nav>
          <nav
            aria-label="Site links"
            class="admin-footer-links"
          >
            <a
              class=""
              data-discover="true"
              href="/about"
            >
              Tentang
            </a>
            <a
              class=""
              data-discover="true"
              href="/insights"
            >
              Insights
            </a>
            <a
              class=""
              data-discover="true"
              href="/work-with-me"
            >
              Bekerja Bersama
            </a>
            <a
              class=""
              data-discover="true"
              href="/resources"
            >
              Sumber Daya
            </a>
            <a
              class=""
              data-discover="true"
              href="/risk-readiness-diagnostic"
            >
              Diagnostik Kesiapan Risiko
            </a>
            <a
              class=""
              data-discover="true"
              href="/privacy"
            >
              Kebijakan Privasi
            </a>
          </nav>
        </div>
      </div>
    </footer>
  </div>
  <div
    class="pointer-events-none fixed top-4 left-1/2 z-50 -translate-x-1/2 space-y-2"
  />
</div>
`;
